
> buddies-os@0.1.0 build
> next build

   Γû▓ Next.js 15.5.12
   - Environments: .env.local

   Creating an optimized production build ...
> [PWA] Compile server
> [PWA] Compile server
> [PWA] Compile client (static)
> [PWA] Custom worker found: C:\Users\Soban Ahmed\Documents\buddies-os\src\worker\index.js
> [PWA] Build custom worker: C:\Users\Soban Ahmed\Documents\buddies-os\public\worker-oq-ZeC6qPLdIjJpmMj2qY.js
> [PWA] Auto register service worker with: C:\Users\Soban Ahmed\Documents\buddies-os\node_modules\next-pwa\register.js
> [PWA] Service worker: C:\Users\Soban Ahmed\Documents\buddies-os\public\sw.js
> [PWA]   url: /sw.js
> [PWA]   scope: /
> [PWA] Fallback to precache routes when fetch failed from cache or network:
> [PWA]   document (page): /offline.html
 Γ£ô Compiled successfully in 17.2s
   Linting and checking validity of types ...
   Collecting page data ...
   Generating static pages (0/67) ...
   Generating static pages (16/67) 
   Generating static pages (33/67) 
   Generating static pages (50/67) 
 Γ£ô Generating static pages (67/67)
   Finalizing page optimization ...
   Collecting build traces ...

Route (app)                                 Size  First Load JS
Γöî Γùï /                                      165 B         106 kB
Γö£ Γùï /_not-found                            997 B         103 kB
Γö£ ╞Æ /api/agents                            270 B         102 kB
Γö£ ╞Æ /api/ai                                270 B         102 kB
Γö£ ╞Æ /api/ai/check-rules                    270 B         102 kB
Γö£ ╞Æ /api/ai/command                        270 B         102 kB
Γö£ ╞Æ /api/ai/context                        270 B         102 kB
Γö£ ╞Æ /api/ai/decision-lessons               270 B         102 kB
Γö£ ╞Æ /api/ai/decision-patterns              270 B         102 kB
Γö£ ╞Æ /api/ai/embed                          270 B         102 kB
Γö£ ╞Æ /api/ai/execute                        270 B         102 kB
Γö£ ╞Æ /api/ai/execute-command                270 B         102 kB
Γö£ ╞Æ /api/ai/extract                        270 B         102 kB
Γö£ ╞Æ /api/ai/extract-command                270 B         102 kB
Γö£ ╞Æ /api/ai/extract-decision               270 B         102 kB
Γö£ ╞Æ /api/ai/focus-recommendation           270 B         102 kB
Γö£ ╞Æ /api/ai/generate-insights              270 B         102 kB
Γö£ ╞Æ /api/ai/insights                       270 B         102 kB
Γö£ ╞Æ /api/ai/memory                         270 B         102 kB
Γö£ ╞Æ /api/ai/predictions                    270 B         102 kB
Γö£ ╞Æ /api/ai/proactive                      270 B         102 kB
Γö£ ╞Æ /api/ai/query                          270 B         102 kB
Γö£ ╞Æ /api/ai/save                           270 B         102 kB
Γö£ ╞Æ /api/ai/semantic-search                270 B         102 kB
Γö£ ╞Æ /api/ai/sessions                       270 B         102 kB
Γö£ ╞Æ /api/ai/summarize-session              270 B         102 kB
Γö£ ╞Æ /api/ai/transcribe                     270 B         102 kB
Γö£ ╞Æ /api/ai/upload                         270 B         102 kB
Γö£ ╞Æ /api/ai/usage                          270 B         102 kB
Γö£ ╞Æ /api/auth/signout                      270 B         102 kB
Γö£ ╞Æ /api/clients                           270 B         102 kB
Γö£ ╞Æ /api/clients/[id]                      270 B         102 kB
Γö£ ╞Æ /api/clients/access                    270 B         102 kB
Γö£ ╞Æ /api/clients/keywords                  270 B         102 kB
Γö£ ╞Æ /api/clients/stages                    270 B         102 kB
Γö£ ╞Æ /api/command                           270 B         102 kB
Γö£ ╞Æ /api/daily-check                       270 B         102 kB
Γö£ ╞Æ /api/debug/context                     270 B         102 kB
Γö£ ╞Æ /api/documents                         270 B         102 kB
Γö£ ╞Æ /api/documents/[id]                    270 B         102 kB
Γö£ ╞Æ /api/projects                          270 B         102 kB
Γö£ ╞Æ /api/projects/chat                     270 B         102 kB
Γö£ ╞Æ /api/projects/decisions                270 B         102 kB
Γö£ ╞Æ /api/projects/documents                270 B         102 kB
Γö£ ╞Æ /api/projects/research                 270 B         102 kB
Γö£ ╞Æ /api/projects/rules                    270 B         102 kB
Γö£ ╞Æ /api/projects/tasks                    270 B         102 kB
Γö£ ╞Æ /api/research/run                      270 B         102 kB
Γö£ ╞Æ /api/research/sessions                 270 B         102 kB
Γö£ ╞Æ /api/search                            270 B         102 kB
Γö£ ╞Æ /api/summary                           270 B         102 kB
Γö£ ╞Æ /api/web-search                        270 B         102 kB
Γö£ Γùï /app                                 40.5 kB         197 kB
Γö£ Γùï /app/ai                              21.5 kB         178 kB
Γö£ Γùï /app/clients                           270 B         102 kB
Γö£ ╞Æ /app/clients/[id]                    4.69 kB         162 kB
Γö£ Γùï /app/command                           270 B         102 kB
Γö£ Γùï /app/daily-check                       270 B         102 kB
Γö£ Γùï /app/decisions                         270 B         102 kB
Γö£ Γùï /app/documents                         270 B         102 kB
Γö£ ╞Æ /app/documents/[id]                  3.81 kB         109 kB
Γö£ Γùï /app/integrations                    3.57 kB         160 kB
Γö£ Γùï /app/new-decision                      270 B         102 kB
Γö£ Γùï /app/project-update                    270 B         102 kB
Γö£ Γùï /app/projects                        2.56 kB         159 kB
Γö£ ╞Æ /app/projects/[id]                   4.84 kB         162 kB
Γö£ ╞Æ /app/projects/[id]/assistant         5.36 kB         108 kB
Γö£ ╞Æ /app/projects/[id]/code              2.29 kB         159 kB
Γö£ ╞Æ /app/projects/[id]/decisions         2.82 kB         105 kB
Γö£ ╞Æ /app/projects/[id]/documents         3.49 kB         106 kB
Γö£ ╞Æ /app/projects/[id]/research          2.67 kB         105 kB
Γö£ ╞Æ /app/projects/[id]/rules             3.05 kB         105 kB
Γö£ ╞Æ /app/projects/[id]/tasks             2.52 kB         105 kB
Γö£ Γùï /app/research                        3.21 kB         105 kB
Γö£ Γùï /app/rules                             270 B         102 kB
Γö£ Γùï /app/search                           3.1 kB         160 kB
Γöö Γùï /login                               1.08 kB         158 kB
+ First Load JS shared by all             102 kB
  Γö£ chunks/1255-a390e12b70b4a9fb.js        46 kB
  Γö£ chunks/4bd1b696-f785427dddbba9fb.js  54.2 kB
  Γöö other shared chunks (total)          2.01 kB


Γùï  (Static)   prerendered as static content
╞Æ  (Dynamic)  server-rendered on demand

